// Jest Snapshot v1, https://goo.gl/fbAQLP

exports[`button structure 1`] = `
<div>
  <button>
    clique aqui
  </button>
</div>
`;
